// Jest Snapshot v1, https://goo.gl/fbAQLP

exports[`<Range /> have to match snapshot 1`] = `"<input type=\\"range\\" min=\\"500\\" max=\\"2000\\" step=\\"10\\" value=\\"1000\\">"`;
